Ansys Lumerical 2020 R2.4 FDTD Solver Version 8.24.2502 (Windows 64bit)
 expires (month/day/year): 12/31/2035
using config file: Ansys Licensing set with ANSYSLMD_LICENSE_FILE
license host: 
current time: Tue Sep 22 17:17:06 2026
Running on host: Kunze
host available memory (GB): 4.489814
All processes are communicating and ready to proceed to simulation...
Running fsp file: C:\Program Files\Lumerical\v202\bin\fdtd-engine-msmpi.exe -t 1 -remote C:/Users/Lenovo/Desktop/sim_qBIC4PTC/static_qBIC.fsp
number of processors is 20
processors are distributed as: 2x2x5
Running 3D Simulation
Starting meshing
Simulation size in gridpoints: 15 x 15 x 17
Refined 0 mesh cells (0%)
Completed meshing!
Meshing complete in 0 seconds of CPU time
0 0
Starting meshing
Simulation size in gridpoints: 15 x 15 x 17
Refined 0 mesh cells (0%)
Completed meshing!
Meshing complete in 0 seconds of CPU time
0 0
Starting meshing
Simulation size in gridpoints: 15 x 15 x 17
Refined 0 mesh cells (0%)
Completed meshing!
Meshing complete in 0 seconds of CPU time
0 0
finished material properties
Meshing Time: 0.0016125 seconds, Init Electrical Material Time: 0.0003503 seconds, Init Magnetic Material Time: 1.03e-05
Using selected optimization level: 2
Selecting 3d kernel for splitFieldDirection=0 and optLevel=2
-----------------------------------------
Beginning initialization of 3D Simulation
Starting to add sources to simulation
Adding 3D Gaussian source propagating in Z
Starting to add boundary conditions to simulation
Adding 3D Parallel BC
Adding 3D Parallel BC
Adding 3D Parallel BC
Adding 3D Parallel BC
Adding 3D PML BC
Adding 3D Parallel BC
Starting to add monitors to Simulation
Adding analysis monitor
Adding 3D DFT monitor
Finished initialization of 3D Simulation
-----------------------------------------
All processes are communicating and ready to proceed to simulation...
Starting 27104 total iterations
0.177097% complete. Max time remaining: 11 secs. Auto Shutoff: 1
1.83% complete. Max time remaining: 9 secs. Auto Shutoff: 1
3.71903% complete. Max time remaining: 9 secs. Auto Shutoff: 0.121031
7.49709% complete. Max time remaining: 8 secs. Auto Shutoff: 0.0602305
15.0532% complete. Max time remaining: 7 secs. Auto Shutoff: 0.0123726
30.1654% complete. Max time remaining: 6 secs. Auto Shutoff: 0.00368813
45.2777% complete. Max time remaining: 5 secs. Auto Shutoff: 0.00234614
60.3899% complete. Max time remaining: 3 secs. Auto Shutoff: 0.00212708
75.5022% complete. Max time remaining: 2 secs. Auto Shutoff: 0.00211087
90.6144% complete. Max time remaining: 1 secs. Auto Shutoff: 0.00170771
100% complete. Max time remaining: 0 secs. Auto Shutoff: 0.00176685
Completed 27104 iterations, or 1.000005e-12s of Simulation Time
Process 0 starting to collect data
    collecting monitor data
    collecting source data
Finished collecting data
Simulation completed successfully at: Tue Sep 22 17:17:14 2026
Overall wall time measurements in seconds: 11.4718
    time to mesh and initialize: 0.149558
    time to run FDTD simulation: 8.25181
    time to checkpoint simulation: 4e-07
    time to finalize data and save to files: 0.0254421
    miscellaneous time: 3.04498
    FDTD solver speed on process 0: 12.5636 Mnodes/s
    total FDTD solver speed on 20 processes: 251.273 Mnodes/s
